Archive member included to satisfy reference by file (symbol)

/usr/arm-linux-gnueabihf/lib/libc_nonshared.a(elf-init.oS)
                              /usr/lib/gcc-cross/arm-linux-gnueabihf/5/../../../../arm-linux-gnueabihf/lib/../lib/crt1.o (__libc_csu_init)

As-needed library included to satisfy reference by file (symbol)

librt.so.1                    main.o (timer_create@@GLIBC_2.4)
ld-linux-armhf.so.3           main.o (__stack_chk_guard@@GLIBC_2.4)

Allocating common symbols
Common symbol       size              file

log_mutex           0x18              main.o
bizzounce           0x4               main.o
loopback_client     0x4               main.o
logfile             0x44              main.o
sprintf_mutex       0x18              main.o
time_mutex          0x18              main.o
hb_client_count     0x10              main.o
comm1_thread        0x4               main.o
terminal_thread     0x4               main.o
uart_client         0x10              main.o
hb_thread           0x4               main.o
comm0_thread        0x4               main.o
hb_client_err       0x10              main.o
ipc_queue           0x4               main.o
ipcfile             0x44              main.o
attr                0x24              main.o
file_mutex          0x18              sync_fileio.o
log_queue           0x4               main.o
log_hb_err          0x4               main.o
log_hb_count        0x4               main.o
comm3_thread        0x4               main.o
log_thread          0x4               main.o
num_clients         0x4               main.o
ipc_attr            0x20              main.o
uart_mutex          0x18              main.o
fd_terminal         0x4               main.o
comm2_thread        0x4               main.o
loopback_thread     0x4               main.o
socket_thread       0x4               main.o

Discarded input sections

 .note.GNU-stack
                0x0000000000000000        0x0 /usr/lib/gcc-cross/arm-linux-gnueabihf/5/../../../../arm-linux-gnueabihf/lib/../lib/crt1.o
 .note.GNU-stack
                0x0000000000000000        0x0 /usr/lib/gcc-cross/arm-linux-gnueabihf/5/../../../../arm-linux-gnueabihf/lib/../lib/crti.o
 .note.GNU-stack
                0x0000000000000000        0x0 /usr/lib/gcc-cross/arm-linux-gnueabihf/5/crtbegin.o
 .note.GNU-stack
                0x0000000000000000        0x0 main.o
 .note.GNU-stack
                0x0000000000000000        0x0 logger.o
 .note.GNU-stack
                0x0000000000000000        0x0 sync_fileio.o
 .note.GNU-stack
                0x0000000000000000        0x0 ipc_messq.o
 .note.GNU-stack
                0x0000000000000000        0x0 myusrled.o
 .note.GNU-stack
                0x0000000000000000        0x0 server_socket.o
 .note.GNU-stack
                0x0000000000000000        0x0 comm.o
 .note.GNU-stack
                0x0000000000000000        0x0 /usr/arm-linux-gnueabihf/lib/libc_nonshared.a(elf-init.oS)
 .note.GNU-stack
                0x0000000000000000        0x0 /usr/lib/gcc-cross/arm-linux-gnueabihf/5/crtend.o
 .note.GNU-stack
                0x0000000000000000        0x0 /usr/lib/gcc-cross/arm-linux-gnueabihf/5/../../../../arm-linux-gnueabihf/lib/../lib/crtn.o

Memory Configuration

Name             Origin             Length             Attributes
*default*        0x0000000000000000 0xffffffffffffffff

Linker script and memory map

LOAD /usr/lib/gcc-cross/arm-linux-gnueabihf/5/../../../../arm-linux-gnueabihf/lib/../lib/crt1.o
LOAD /usr/lib/gcc-cross/arm-linux-gnueabihf/5/../../../../arm-linux-gnueabihf/lib/../lib/crti.o
LOAD /usr/lib/gcc-cross/arm-linux-gnueabihf/5/crtbegin.o
LOAD /usr/lib/gcc-cross/arm-linux-gnueabihf/5/../../../../arm-linux-gnueabihf/lib/../lib/librt.so
LOAD main.o
LOAD logger.o
LOAD sync_fileio.o
LOAD ipc_messq.o
LOAD myusrled.o
LOAD server_socket.o
LOAD comm.o
LOAD /usr/lib/gcc-cross/arm-linux-gnueabihf/5/../../../../arm-linux-gnueabihf/lib/../lib/libm.so
LOAD /usr/lib/gcc-cross/arm-linux-gnueabihf/5/../../../../arm-linux-gnueabihf/lib/../lib/librt.so
LOAD /usr/lib/gcc-cross/arm-linux-gnueabihf/5/libgcc.a
LOAD /usr/lib/gcc-cross/arm-linux-gnueabihf/5/libgcc_s.so
START GROUP
LOAD /usr/lib/gcc-cross/arm-linux-gnueabihf/5/libgcc_s.so.1
LOAD /usr/lib/gcc-cross/arm-linux-gnueabihf/5/libgcc.a
END GROUP
LOAD /usr/lib/gcc-cross/arm-linux-gnueabihf/5/../../../../arm-linux-gnueabihf/lib/../lib/libpthread.so
START GROUP
LOAD /usr/arm-linux-gnueabihf/lib/libpthread.so.0
LOAD /usr/arm-linux-gnueabihf/lib/libpthread_nonshared.a
END GROUP
LOAD /usr/lib/gcc-cross/arm-linux-gnueabihf/5/../../../../arm-linux-gnueabihf/lib/../lib/libc.so
START GROUP
LOAD /usr/arm-linux-gnueabihf/lib/libc.so.6
LOAD /usr/arm-linux-gnueabihf/lib/libc_nonshared.a
LOAD /usr/arm-linux-gnueabihf/lib/ld-linux-armhf.so.3
END GROUP
LOAD /usr/lib/gcc-cross/arm-linux-gnueabihf/5/libgcc.a
LOAD /usr/lib/gcc-cross/arm-linux-gnueabihf/5/libgcc_s.so
START GROUP
LOAD /usr/lib/gcc-cross/arm-linux-gnueabihf/5/libgcc_s.so.1
LOAD /usr/lib/gcc-cross/arm-linux-gnueabihf/5/libgcc.a
END GROUP
LOAD /usr/lib/gcc-cross/arm-linux-gnueabihf/5/crtend.o
LOAD /usr/lib/gcc-cross/arm-linux-gnueabihf/5/../../../../arm-linux-gnueabihf/lib/../lib/crtn.o
                [!provide]                        PROVIDE (__executable_start, 0x10000)
                0x0000000000010154                . = (0x10000 + SIZEOF_HEADERS)

.interp         0x0000000000010154       0x19
 *(.interp)
 .interp        0x0000000000010154       0x19 /usr/lib/gcc-cross/arm-linux-gnueabihf/5/../../../../arm-linux-gnueabihf/lib/../lib/crt1.o

.note.ABI-tag   0x0000000000010170       0x20
 .note.ABI-tag  0x0000000000010170       0x20 /usr/lib/gcc-cross/arm-linux-gnueabihf/5/../../../../arm-linux-gnueabihf/lib/../lib/crt1.o

.note.gnu.build-id
                0x0000000000010190       0x24
 *(.note.gnu.build-id)
 .note.gnu.build-id
                0x0000000000010190       0x24 linker stubs

.hash
 *(.hash)

.gnu.hash       0x00000000000101b4      0x1c8
 *(.gnu.hash)
 .gnu.hash      0x00000000000101b4      0x1c8 /usr/lib/gcc-cross/arm-linux-gnueabihf/5/../../../../arm-linux-gnueabihf/lib/../lib/crt1.o

.dynsym         0x000000000001037c      0x3e0
 *(.dynsym)
 .dynsym        0x000000000001037c      0x3e0 /usr/lib/gcc-cross/arm-linux-gnueabihf/5/../../../../arm-linux-gnueabihf/lib/../lib/crt1.o

.dynstr         0x000000000001075c      0x28f
 *(.dynstr)
 .dynstr        0x000000000001075c      0x28f /usr/lib/gcc-cross/arm-linux-gnueabihf/5/../../../../arm-linux-gnueabihf/lib/../lib/crt1.o

.gnu.version    0x00000000000109ec       0x7c
 *(.gnu.version)
 .gnu.version   0x00000000000109ec       0x7c /usr/lib/gcc-cross/arm-linux-gnueabihf/5/../../../../arm-linux-gnueabihf/lib/../lib/crt1.o

.gnu.version_d  0x0000000000010a68        0x0
 *(.gnu.version_d)
 .gnu.version_d
                0x0000000000010a68        0x0 /usr/lib/gcc-cross/arm-linux-gnueabihf/5/../../../../arm-linux-gnueabihf/lib/../lib/crt1.o

.gnu.version_r  0x0000000000010a68       0x80
 *(.gnu.version_r)
 .gnu.version_r
                0x0000000000010a68       0x80 /usr/lib/gcc-cross/arm-linux-gnueabihf/5/../../../../arm-linux-gnueabihf/lib/../lib/crt1.o

.rel.dyn        0x0000000000010ae8       0x18
 *(.rel.init)
 *(.rel.text .rel.text.* .rel.gnu.linkonce.t.*)
 *(.rel.fini)
 *(.rel.rodata .rel.rodata.* .rel.gnu.linkonce.r.*)
 *(.rel.data.rel.ro .rel.data.rel.ro.* .rel.gnu.linkonce.d.rel.ro.*)
 *(.rel.data .rel.data.* .rel.gnu.linkonce.d.*)
 *(.rel.tdata .rel.tdata.* .rel.gnu.linkonce.td.*)
 *(.rel.tbss .rel.tbss.* .rel.gnu.linkonce.tb.*)
 *(.rel.ctors)
 *(.rel.dtors)
 *(.rel.got)
 .rel.got       0x0000000000010ae8        0x8 /usr/lib/gcc-cross/arm-linux-gnueabihf/5/../../../../arm-linux-gnueabihf/lib/../lib/crt1.o
 *(.rel.bss .rel.bss.* .rel.gnu.linkonce.b.*)
 .rel.bss       0x0000000000010af0       0x10 /usr/lib/gcc-cross/arm-linux-gnueabihf/5/../../../../arm-linux-gnueabihf/lib/../lib/crt1.o
                [!provide]                        PROVIDE (__rel_iplt_start, .)
 *(.rel.iplt)
 .rel.iplt      0x0000000000010b00        0x0 /usr/lib/gcc-cross/arm-linux-gnueabihf/5/../../../../arm-linux-gnueabihf/lib/../lib/crt1.o
                [!provide]                        PROVIDE (__rel_iplt_end, .)

.rela.dyn       0x0000000000010b00        0x0
 *(.rela.init)
 *(.rela.text .rela.text.* .rela.gnu.linkonce.t.*)
 *(.rela.fini)
 *(.rela.rodata .rela.rodata.* .rela.gnu.linkonce.r.*)
 *(.rela.data .rela.data.* .rela.gnu.linkonce.d.*)
 *(.rela.tdata .rela.tdata.* .rela.gnu.linkonce.td.*)
 *(.rela.tbss .rela.tbss.* .rela.gnu.linkonce.tb.*)
 *(.rela.ctors)
 *(.rela.dtors)
 *(.rela.got)
 *(.rela.bss .rela.bss.* .rela.gnu.linkonce.b.*)
                [!provide]                        PROVIDE (__rela_iplt_start, .)
 *(.rela.iplt)
                [!provide]                        PROVIDE (__rela_iplt_end, .)

.rel.plt        0x0000000000010b00      0x1c0
 *(.rel.plt)
 .rel.plt       0x0000000000010b00      0x1c0 /usr/lib/gcc-cross/arm-linux-gnueabihf/5/../../../../arm-linux-gnueabihf/lib/../lib/crt1.o

.rela.plt
 *(.rela.plt)

.init           0x0000000000010cc0        0xc
 *(SORT(.init))
 .init          0x0000000000010cc0        0x8 /usr/lib/gcc-cross/arm-linux-gnueabihf/5/../../../../arm-linux-gnueabihf/lib/../lib/crti.o
                0x0000000000010cc0                _init
 .init          0x0000000000010cc8        0x4 /usr/lib/gcc-cross/arm-linux-gnueabihf/5/../../../../arm-linux-gnueabihf/lib/../lib/crtn.o

.plt            0x0000000000010ccc      0x2b4
 *(.plt)
 .plt           0x0000000000010ccc      0x2b4 /usr/lib/gcc-cross/arm-linux-gnueabihf/5/../../../../arm-linux-gnueabihf/lib/../lib/crt1.o
                0x0000000000010ce0                pthread_mutex_unlock@@GLIBC_2.4
                0x0000000000010cec                setsockopt@@GLIBC_2.4
                0x0000000000010cf8                printf@@GLIBC_2.4
                0x0000000000010d04                fopen@@GLIBC_2.4
                0x0000000000010d10                read@@GLIBC_2.4
                0x0000000000010d1c                pthread_mutex_lock@@GLIBC_2.4
                0x0000000000010d28                memcpy@@GLIBC_2.4
                0x0000000000010d34                time@@GLIBC_2.4
                0x0000000000010d40                inet_ntoa@@GLIBC_2.4
                0x0000000000010d4c                select@@GLIBC_2.4
                0x0000000000010d58                __stack_chk_fail@@GLIBC_2.4
                0x0000000000010d64                htons@@GLIBC_2.4
                0x0000000000010d70                timer_create@@GLIBC_2.4
                0x0000000000010d7c                accept@@GLIBC_2.4
                0x0000000000010d88                timer_settime@@GLIBC_2.4
                0x0000000000010d94                mq_close@@GLIBC_2.4
                0x0000000000010da0                cfsetospeed@@GLIBC_2.4
                0x0000000000010dac                fwrite@@GLIBC_2.4
                0x0000000000010db8                strcat@@GLIBC_2.4
                0x0000000000010dc4                tcsetattr@@GLIBC_2.4
                0x0000000000010dd0                strcpy@@GLIBC_2.4
                0x0000000000010ddc                pthread_create@@GLIBC_2.4
                0x0000000000010de8                puts@@GLIBC_2.4
                0x0000000000010df4                malloc@@GLIBC_2.4
                0x0000000000010e00                __libc_start_main@@GLIBC_2.4
                0x0000000000010e0c                strerror@@GLIBC_2.4
                0x0000000000010e18                localtime@@GLIBC_2.4
                0x0000000000010e30                open@@GLIBC_2.4
                0x0000000000010e3c                getpid@@GLIBC_2.4
                0x0000000000010e48                strlen@@GLIBC_2.4
                0x0000000000010e54                mq_open@@GLIBC_2.4
                0x0000000000010e60                fprintf@@GLIBC_2.4
                0x0000000000010e6c                cfsetispeed@@GLIBC_2.4
                0x0000000000010e78                pthread_attr_init@@GLIBC_2.4
                0x0000000000010e84                __errno_location@@GLIBC_2.4
                0x0000000000010e90                snprintf@@GLIBC_2.4
                0x0000000000010e9c                bind@@GLIBC_2.4
                0x0000000000010ea8                memset@@GLIBC_2.4
                0x0000000000010eb4                fgetc@@GLIBC_2.4
                0x0000000000010ec0                write@@GLIBC_2.4
                0x0000000000010ecc                fclose@@GLIBC_2.4
                0x0000000000010ed8                mq_receive@@GLIBC_2.4
                0x0000000000010ee4                listen@@GLIBC_2.4
                0x0000000000010ef0                ntohs@@GLIBC_2.4
                0x0000000000010efc                pthread_join@@GLIBC_2.4
                0x0000000000010f08                sprintf@@GLIBC_2.4
                0x0000000000010f14                atoi@@GLIBC_2.4
                0x0000000000010f20                mq_getattr@@GLIBC_2.4
                0x0000000000010f2c                socket@@GLIBC_2.4
                0x0000000000010f38                mq_unlink@@GLIBC_2.4
                0x0000000000010f44                fputs@@GLIBC_2.4
                0x0000000000010f50                abort@@GLIBC_2.4
                0x0000000000010f5c                close@@GLIBC_2.4
                0x0000000000010f68                mq_send@@GLIBC_2.4
                0x0000000000010f74                tcgetattr@@GLIBC_2.4

.iplt           0x0000000000010f80        0x0
 *(.iplt)
 .iplt          0x0000000000010f80        0x0 /usr/lib/gcc-cross/arm-linux-gnueabihf/5/../../../../arm-linux-gnueabihf/lib/../lib/crt1.o

.text           0x0000000000010f80     0x36e8
 *(.text.unlikely .text.*_unlikely .text.unlikely.*)
 *(.text.exit .text.exit.*)
 *(.text.startup .text.startup.*)
 *(.text.hot .text.hot.*)
 *(.text .stub .text.* .gnu.linkonce.t.*)
 .text          0x0000000000010f80       0x30 /usr/lib/gcc-cross/arm-linux-gnueabihf/5/../../../../arm-linux-gnueabihf/lib/../lib/crt1.o
                0x0000000000010f80                _start
 .text          0x0000000000010fb0       0x24 /usr/lib/gcc-cross/arm-linux-gnueabihf/5/../../../../arm-linux-gnueabihf/lib/../lib/crti.o
 .text          0x0000000000010fd4       0x8c /usr/lib/gcc-cross/arm-linux-gnueabihf/5/crtbegin.o
 .text          0x0000000000011060      0xf50 main.o
                0x0000000000011060                main
                0x0000000000011708                heartbeat
                0x0000000000011c4c                hb_warn
                0x0000000000011c78                userterminal
                0x0000000000011f28                printTerminalMenu
                0x0000000000011f90                printTerminalPrompt
 .text          0x0000000000011fb0      0x2ac logger.o
                0x0000000000011fb0                logger
                0x0000000000012090                log_exit
                0x00000000000120a4                writeLogStr
                0x00000000000120d8                getCurrentTimeStr
                0x0000000000012224                thread_sprintf
 .text          0x000000000001225c      0x16c sync_fileio.o
                0x000000000001225c                fileCreate
                0x00000000000122c4                fileWrite
                0x0000000000012320                fileClose
                0x0000000000012364                fileRead
                0x000000000001239c                fileOpen
 .text          0x00000000000123c8      0xb74 ipc_messq.o
                0x00000000000123c8                shuffler_king
                0x000000000001281c                ipc_queue_init
                0x0000000000012870                log_queue_init
                0x00000000000128cc                decipher_ipc_msg
                0x0000000000012b04                build_ipc_msg
                0x0000000000012cb0                manage_ipc_msg
 .text          0x0000000000012f3c       0xdc myusrled.o
                0x0000000000012f3c                usr_led_toggle
 .text          0x0000000000013018      0x6b8 server_socket.o
                0x0000000000013018                serversocket
 .text          0x00000000000136d0      0xf58 comm.o
                0x00000000000136d0                init_comm
                0x0000000000013900                comm0threadrx
                0x0000000000013b18                comm1threadrx
                0x0000000000013d30                comm2threadrx
                0x0000000000013f30                comm3threadrx
                0x0000000000014130                decipher_comm_msg
                0x0000000000014260                build_comm_msg
                0x0000000000014344                decipher_comm_data
                0x000000000001448c                build_comm_data
                0x0000000000014574                uart_write
                0x00000000000145c8                uart_read
 .text          0x0000000000014628       0x40 /usr/arm-linux-gnueabihf/lib/libc_nonshared.a(elf-init.oS)
                0x0000000000014628                __libc_csu_init
                0x0000000000014664                __libc_csu_fini
 .text          0x0000000000014668        0x0 /usr/lib/gcc-cross/arm-linux-gnueabihf/5/crtend.o
 .text          0x0000000000014668        0x0 /usr/lib/gcc-cross/arm-linux-gnueabihf/5/../../../../arm-linux-gnueabihf/lib/../lib/crtn.o
 *(.gnu.warning)
 *(.glue_7t)
 .glue_7t       0x0000000000014668        0x0 linker stubs
 *(.glue_7)
 .glue_7        0x0000000000014668        0x0 linker stubs
 *(.vfp11_veneer)
 .vfp11_veneer  0x0000000000014668        0x0 linker stubs
 *(.v4_bx)
 .v4_bx         0x0000000000014668        0x0 linker stubs

.fini           0x0000000000014668        0x8
 *(SORT(.fini))
 .fini          0x0000000000014668        0x4 /usr/lib/gcc-cross/arm-linux-gnueabihf/5/../../../../arm-linux-gnueabihf/lib/../lib/crti.o
                0x0000000000014668                _fini
 .fini          0x000000000001466c        0x4 /usr/lib/gcc-cross/arm-linux-gnueabihf/5/../../../../arm-linux-gnueabihf/lib/../lib/crtn.o
                [!provide]                        PROVIDE (__etext, .)
                [!provide]                        PROVIDE (_etext, .)
                [!provide]                        PROVIDE (etext, .)

.rodata         0x0000000000014670      0x75e
 *(.rodata .rodata.* .gnu.linkonce.r.*)
 .rodata.cst4   0x0000000000014670        0x4 /usr/lib/gcc-cross/arm-linux-gnueabihf/5/../../../../arm-linux-gnueabihf/lib/../lib/crt1.o
                0x0000000000014670                _IO_stdin_used
 .rodata        0x0000000000014674      0x297 main.o
 *fill*         0x000000000001490b        0x1 
 .rodata        0x000000000001490c       0x34 logger.o
 .rodata        0x0000000000014940        0x7 sync_fileio.o
 *fill*         0x0000000000014947        0x1 
 .rodata        0x0000000000014948       0xf4 ipc_messq.o
 .rodata        0x0000000000014a3c      0x150 myusrled.o
 .rodata        0x0000000000014b8c      0x187 server_socket.o
 *fill*         0x0000000000014d13        0x1 
 .rodata        0x0000000000014d14       0xba comm.o

.rodata1
 *(.rodata1)

.ARM.extab      0x0000000000014dce        0x0
 *(.ARM.extab* .gnu.linkonce.armextab.*)
 .ARM.extab     0x0000000000014dce        0x0 /usr/lib/gcc-cross/arm-linux-gnueabihf/5/../../../../arm-linux-gnueabihf/lib/../lib/crt1.o
                [!provide]                        PROVIDE (__exidx_start, .)

.ARM.exidx      0x0000000000014dd0        0x8
 *(.ARM.exidx* .gnu.linkonce.armexidx.*)
 .ARM.exidx     0x0000000000014dd0        0x8 /usr/lib/gcc-cross/arm-linux-gnueabihf/5/../../../../arm-linux-gnueabihf/lib/../lib/crt1.o
                [!provide]                        PROVIDE (__exidx_end, .)

.eh_frame_hdr
 *(.eh_frame_hdr)
 *(.eh_frame_entry .eh_frame_entry.*)

.eh_frame       0x0000000000014dd8        0x4
 *(.eh_frame)
 .eh_frame      0x0000000000014dd8        0x4 /usr/lib/gcc-cross/arm-linux-gnueabihf/5/crtend.o
 *(.eh_frame.*)

.gcc_except_table
 *(.gcc_except_table .gcc_except_table.*)

.gnu_extab
 *(.gnu_extab*)

.exception_ranges
 *(.exception_ranges .exception_ranges*)
                0x0000000000024ef4                . = DATA_SEGMENT_ALIGN (0x10000, 0x1000)

.eh_frame
 *(.eh_frame)
 *(.eh_frame.*)

.gnu_extab
 *(.gnu_extab)

.gcc_except_table
 *(.gcc_except_table .gcc_except_table.*)

.exception_ranges
 *(.exception_ranges .exception_ranges*)

.tdata
 *(.tdata .tdata.* .gnu.linkonce.td.*)

.tbss
 *(.tbss .tbss.* .gnu.linkonce.tb.*)
 *(.tcommon)

.preinit_array  0x0000000000024ef4        0x0
                [!provide]                        PROVIDE (__preinit_array_start, .)
 *(.preinit_array)
                [!provide]                        PROVIDE (__preinit_array_end, .)

.init_array     0x0000000000024ef4        0x4
                0x0000000000024ef4                PROVIDE (__init_array_start, .)
 *(SORT(.init_array.*) SORT(.ctors.*))
 *(.init_array EXCLUDE_FILE(*crtend?.o *crtend.o *crtbegin?.o *crtbegin.o) .ctors)
 .init_array    0x0000000000024ef4        0x4 /usr/lib/gcc-cross/arm-linux-gnueabihf/5/crtbegin.o
                0x0000000000024ef8                PROVIDE (__init_array_end, .)

.fini_array     0x0000000000024ef8        0x4
                [!provide]                        PROVIDE (__fini_array_start, .)
 *(SORT(.fini_array.*) SORT(.dtors.*))
 *(.fini_array EXCLUDE_FILE(*crtend?.o *crtend.o *crtbegin?.o *crtbegin.o) .dtors)
 .fini_array    0x0000000000024ef8        0x4 /usr/lib/gcc-cross/arm-linux-gnueabihf/5/crtbegin.o
                [!provide]                        PROVIDE (__fini_array_end, .)

.ctors
 *crtbegin.o(.ctors)
 *crtbegin?.o(.ctors)
 *(EXCLUDE_FILE(*crtend?.o *crtend.o) .ctors)
 *(SORT(.ctors.*))
 *(.ctors)

.dtors
 *crtbegin.o(.dtors)
 *crtbegin?.o(.dtors)
 *(EXCLUDE_FILE(*crtend?.o *crtend.o) .dtors)
 *(SORT(.dtors.*))
 *(.dtors)

.jcr            0x0000000000024efc        0x4
 *(.jcr)
 .jcr           0x0000000000024efc        0x0 /usr/lib/gcc-cross/arm-linux-gnueabihf/5/crtbegin.o
 .jcr           0x0000000000024efc        0x4 /usr/lib/gcc-cross/arm-linux-gnueabihf/5/crtend.o

.data.rel.ro
 *(.data.rel.ro.local* .gnu.linkonce.d.rel.ro.local.*)
 *(.data.rel.ro .data.rel.ro.* .gnu.linkonce.d.rel.ro.*)

.dynamic        0x0000000000024f00      0x100
 *(.dynamic)
 .dynamic       0x0000000000024f00      0x100 /usr/lib/gcc-cross/arm-linux-gnueabihf/5/../../../../arm-linux-gnueabihf/lib/../lib/crt1.o
                0x0000000000024f00                _DYNAMIC
                0x0000000000025000                . = DATA_SEGMENT_RELRO_END (., 0x0)

.got            0x0000000000025000       0xf0
 *(.got.plt)
 .got.plt       0x0000000000025000       0xec /usr/lib/gcc-cross/arm-linux-gnueabihf/5/../../../../arm-linux-gnueabihf/lib/../lib/crt1.o
                0x0000000000025000                _GLOBAL_OFFSET_TABLE_
 *(.igot.plt)
 .igot.plt      0x00000000000250ec        0x0 /usr/lib/gcc-cross/arm-linux-gnueabihf/5/../../../../arm-linux-gnueabihf/lib/../lib/crt1.o
 *(.got)
 .got           0x00000000000250ec        0x4 /usr/lib/gcc-cross/arm-linux-gnueabihf/5/../../../../arm-linux-gnueabihf/lib/../lib/crt1.o
 *(.igot)

.data           0x00000000000250f0        0x8
                [!provide]                        PROVIDE (__data_start, .)
 *(.data .data.* .gnu.linkonce.d.*)
 .data          0x00000000000250f0        0x4 /usr/lib/gcc-cross/arm-linux-gnueabihf/5/../../../../arm-linux-gnueabihf/lib/../lib/crt1.o
                0x00000000000250f0                data_start
                0x00000000000250f0                __data_start
 .data          0x00000000000250f4        0x0 /usr/lib/gcc-cross/arm-linux-gnueabihf/5/../../../../arm-linux-gnueabihf/lib/../lib/crti.o
 .data          0x00000000000250f4        0x4 /usr/lib/gcc-cross/arm-linux-gnueabihf/5/crtbegin.o
                0x00000000000250f4                __dso_handle
 .data          0x00000000000250f8        0x0 main.o
 .data          0x00000000000250f8        0x0 logger.o
 .data          0x00000000000250f8        0x0 sync_fileio.o
 .data          0x00000000000250f8        0x0 ipc_messq.o
 .data          0x00000000000250f8        0x0 myusrled.o
 .data          0x00000000000250f8        0x0 server_socket.o
 .data          0x00000000000250f8        0x0 comm.o
 .data          0x00000000000250f8        0x0 /usr/arm-linux-gnueabihf/lib/libc_nonshared.a(elf-init.oS)
 .data          0x00000000000250f8        0x0 /usr/lib/gcc-cross/arm-linux-gnueabihf/5/crtend.o
 .data          0x00000000000250f8        0x0 /usr/lib/gcc-cross/arm-linux-gnueabihf/5/../../../../arm-linux-gnueabihf/lib/../lib/crtn.o

.tm_clone_table
                0x00000000000250f8        0x0
 .tm_clone_table
                0x00000000000250f8        0x0 /usr/lib/gcc-cross/arm-linux-gnueabihf/5/crtbegin.o
 .tm_clone_table
                0x00000000000250f8        0x0 /usr/lib/gcc-cross/arm-linux-gnueabihf/5/crtend.o

.data1
 *(.data1)
                0x00000000000250f8                _edata = .
                [!provide]                        PROVIDE (edata, .)
                0x00000000000250f8                . = .
                0x00000000000250f8                __bss_start = .
                0x00000000000250f8                __bss_start__ = .

.bss            0x00000000000250f8      0x1d8
 *(.dynbss)
 .dynbss        0x00000000000250f8        0xc /usr/lib/gcc-cross/arm-linux-gnueabihf/5/../../../../arm-linux-gnueabihf/lib/../lib/crt1.o
                0x00000000000250f8                __stack_chk_guard@@GLIBC_2.4
                0x0000000000025100                stderr@@GLIBC_2.4
 *(.bss .bss.* .gnu.linkonce.b.*)
 .bss           0x0000000000025104        0x0 /usr/lib/gcc-cross/arm-linux-gnueabihf/5/../../../../arm-linux-gnueabihf/lib/../lib/crt1.o
 .bss           0x0000000000025104        0x0 /usr/lib/gcc-cross/arm-linux-gnueabihf/5/../../../../arm-linux-gnueabihf/lib/../lib/crti.o
 .bss           0x0000000000025104        0x1 /usr/lib/gcc-cross/arm-linux-gnueabihf/5/crtbegin.o
 .bss           0x0000000000025105        0x0 main.o
 *fill*         0x0000000000025105        0x3 
 .bss           0x0000000000025108        0xd logger.o
 .bss           0x0000000000025115        0x0 sync_fileio.o
 .bss           0x0000000000025115        0x0 ipc_messq.o
 .bss           0x0000000000025115        0x0 myusrled.o
 .bss           0x0000000000025115        0x0 server_socket.o
 .bss           0x0000000000025115        0x0 comm.o
 .bss           0x0000000000025115        0x0 /usr/arm-linux-gnueabihf/lib/libc_nonshared.a(elf-init.oS)
 .bss           0x0000000000025115        0x0 /usr/lib/gcc-cross/arm-linux-gnueabihf/5/crtend.o
 .bss           0x0000000000025115        0x0 /usr/lib/gcc-cross/arm-linux-gnueabihf/5/../../../../arm-linux-gnueabihf/lib/../lib/crtn.o
 *(COMMON)
 *fill*         0x0000000000025115        0x3 
 COMMON         0x0000000000025118      0x1a0 main.o
                0x0000000000025118                log_mutex
                0x0000000000025130                bizzounce
                0x0000000000025134                loopback_client
                0x0000000000025138                logfile
                0x000000000002517c                sprintf_mutex
                0x0000000000025194                time_mutex
                0x00000000000251ac                hb_client_count
                0x00000000000251bc                comm1_thread
                0x00000000000251c0                terminal_thread
                0x00000000000251c4                uart_client
                0x00000000000251d4                hb_thread
                0x00000000000251d8                comm0_thread
                0x00000000000251dc                hb_client_err
                0x00000000000251ec                ipc_queue
                0x00000000000251f0                ipcfile
                0x0000000000025234                attr
                0x0000000000025258                log_queue
                0x000000000002525c                log_hb_err
                0x0000000000025260                log_hb_count
                0x0000000000025264                comm3_thread
                0x0000000000025268                log_thread
                0x000000000002526c                num_clients
                0x0000000000025270                ipc_attr
                0x0000000000025290                uart_mutex
                0x00000000000252a8                fd_terminal
                0x00000000000252ac                comm2_thread
                0x00000000000252b0                loopback_thread
                0x00000000000252b4                socket_thread
 COMMON         0x00000000000252b8       0x18 sync_fileio.o
                0x00000000000252b8                file_mutex
                0x00000000000252d0                . = ALIGN ((. != 0x0)?0x4:0x1)
                0x00000000000252d0                _bss_end__ = .
                0x00000000000252d0                __bss_end__ = .
                0x00000000000252d0                . = ALIGN (0x4)
                0x00000000000252d0                . = SEGMENT_START ("ldata-segment", .)
                0x00000000000252d0                . = ALIGN (0x4)
                0x00000000000252d0                __end__ = .
                0x00000000000252d0                _end = .
                [!provide]                        PROVIDE (end, .)
                0x00000000000252d0                . = DATA_SEGMENT_END (.)

.stab
 *(.stab)

.stabstr
 *(.stabstr)

.stab.excl
 *(.stab.excl)

.stab.exclstr
 *(.stab.exclstr)

.stab.index
 *(.stab.index)

.stab.indexstr
 *(.stab.indexstr)

.comment        0x0000000000000000       0x3b
 *(.comment)
 .comment       0x0000000000000000       0x3b /usr/lib/gcc-cross/arm-linux-gnueabihf/5/crtbegin.o
                                         0x3c (size before relaxing)
 .comment       0x000000000000003b       0x3c main.o
 .comment       0x000000000000003b       0x3c logger.o
 .comment       0x000000000000003b       0x3c sync_fileio.o
 .comment       0x000000000000003b       0x3c ipc_messq.o
 .comment       0x000000000000003b       0x3c myusrled.o
 .comment       0x000000000000003b       0x3c server_socket.o
 .comment       0x000000000000003b       0x3c comm.o
 .comment       0x000000000000003b       0x3c /usr/lib/gcc-cross/arm-linux-gnueabihf/5/crtend.o

.ARM.attributes
                0x0000000000000000       0x33
 .ARM.attributes
                0x0000000000000000       0x33 /usr/lib/gcc-cross/arm-linux-gnueabihf/5/../../../../arm-linux-gnueabihf/lib/../lib/crt1.o
 .ARM.attributes
                0x0000000000000033       0x27 /usr/lib/gcc-cross/arm-linux-gnueabihf/5/../../../../arm-linux-gnueabihf/lib/../lib/crti.o
 .ARM.attributes
                0x000000000000005a       0x33 /usr/lib/gcc-cross/arm-linux-gnueabihf/5/crtbegin.o
 .ARM.attributes
                0x000000000000008d       0x33 main.o
 .ARM.attributes
                0x00000000000000c0       0x33 logger.o
 .ARM.attributes
                0x00000000000000f3       0x33 sync_fileio.o
 .ARM.attributes
                0x0000000000000126       0x33 ipc_messq.o
 .ARM.attributes
                0x0000000000000159       0x33 myusrled.o
 .ARM.attributes
                0x000000000000018c       0x33 server_socket.o
 .ARM.attributes
                0x00000000000001bf       0x33 comm.o
 .ARM.attributes
                0x00000000000001f2       0x35 /usr/arm-linux-gnueabihf/lib/libc_nonshared.a(elf-init.oS)
 .ARM.attributes
                0x0000000000000227       0x33 /usr/lib/gcc-cross/arm-linux-gnueabihf/5/crtend.o
 .ARM.attributes
                0x000000000000025a       0x27 /usr/lib/gcc-cross/arm-linux-gnueabihf/5/../../../../arm-linux-gnueabihf/lib/../lib/crtn.o

.debug
 *(.debug)

.line
 *(.line)

.debug_srcinfo
 *(.debug_srcinfo)

.debug_sfnames
 *(.debug_sfnames)

.debug_aranges
 *(.debug_aranges)

.debug_pubnames
 *(.debug_pubnames)

.debug_info
 *(.debug_info .gnu.linkonce.wi.*)

.debug_abbrev
 *(.debug_abbrev)

.debug_line
 *(.debug_line .debug_line.* .debug_line_end)

.debug_frame
 *(.debug_frame)

.debug_str
 *(.debug_str)

.debug_loc
 *(.debug_loc)

.debug_macinfo
 *(.debug_macinfo)

.debug_weaknames
 *(.debug_weaknames)

.debug_funcnames
 *(.debug_funcnames)

.debug_typenames
 *(.debug_typenames)

.debug_varnames
 *(.debug_varnames)

.debug_pubtypes
 *(.debug_pubtypes)

.debug_ranges
 *(.debug_ranges)

.debug_macro
 *(.debug_macro)

.gnu.attributes
 *(.gnu.attributes)

.note.gnu.arm.ident
 *(.note.gnu.arm.ident)

/DISCARD/
 *(.note.GNU-stack)
 *(.gnu_debuglink)
 *(.gnu.lto_*)
OUTPUT(project2.elf elf32-littlearm)
